// Jest Snapshot v1, https://goo.gl/fbAQLP

exports[`ButtonNewTransaction Component should render the Button 1`] = `
.c0 {
  display: inline-grid;
  grid-template-columns: auto 1fr;
  place-items: center;
  gap: 1.6rem;
  background: #1F2029;
  width: 100%;
  height: 10rem;
  padding: 2rem 5.6rem;
  border-radius: 0.4rem;
  font-size: 2.4rem;
  cursor: pointer;
  -webkit-transition: filter 0.15s ease-in-out;
  transition: filter 0.15s ease-in-out;
}

.c0:hover {
  -webkit-filter: brightness(0.9);
  filter: brightness(0.9);
}

.c1 {
  display: grid;
  grid-template-rows: repeat(2,auto);
  place-items: center;
  text-align: center;
  font-size: 1.4rem;
}

.c1 span {
  font-size: 1.2rem;
  color: #797D9A;
}

<a
  class="c0"
  href="/"
>
  <svg
    baseProfile="tiny"
    data-testid="icon"
    fill="currentColor"
    height="1em"
    stroke="currentColor"
    stroke-width="0"
    version="1.2"
    viewBox="0 0 24 24"
    width="1em"
    xmlns="http://www.w3.org/2000/svg"
  >
    <path
      d="M18 10h-4v-4c0-1.104-.896-2-2-2s-2 .896-2 2l.071 4h-4.071c-1.104 0-2 .896-2 2s.896 2 2 2l4.071-.071-.071 4.071c0 1.104.896 2 2 2s2-.896 2-2v-4.071l4 .071c1.104 0 2-.896 2-2s-.896-2-2-2z"
    />
  </svg>
  <div
    class="c1"
  >
    Gerar nova transação
    <span />
  </div>
</a>
`;
