// Jest Snapshot v1, https://goo.gl/fbAQLP

exports[`TextField Component should renders with label 1`] = `
.c1 {
  display: -webkit-box;
  display: -webkit-flex;
  display: -ms-flexbox;
  display: flex;
  -webkit-align-items: center;
  -webkit-box-align: center;
  -ms-flex-align: center;
  align-items: center;
  gap: 1.6rem;
  background: #1F2029;
  border-radius: 0.2rem;
  padding: 0 1.6rem;
  border: 0.1rem solid;
  border-color: #1F2029;
}

.c1:focus-within {
  border-color: #FFC727;
}

.c0 {
  font-size: 1.4rem;
  cursor: pointer;
  font-weight: 500;
}

.c2 {
  font-family: default:Quicksand,-apple-system,BlinkMacSystemFont,'Segoe UI',Roboto,Oxygen,Ubuntu,Cantarell,'Open Sans','Helvetica Neue',sans-serif;
  heading: Roboto,-apple-system,BlinkMacSystemFont,'Segoe UI',Oxygen,Ubuntu,Cantarell,'Open Sans','Helvetica Neue',sans-serif;
  font-size: 1.6rem;
  padding: 0.8rem 0;
  background: transparent;
  border: 0;
  outline: none;
  width: 100%;
}

.c2::-webkit-input-placeholder {
  color: #616480;
}

.c2::-moz-placeholder {
  color: #616480;
}

.c2:-ms-input-placeholder {
  color: #616480;
}

.c2::placeholder {
  color: #616480;
}

<div
  class=""
>
  <label
    class="c0"
    for="field"
  >
    Label
  </label>
  <div
    class="c1"
  >
    <input
      class="c2"
      id="field"
      type="text"
      value=""
    />
  </div>
</div>
`;
